// Jest Snapshot v1, https://goo.gl/fbAQLP

exports[`HabitContainer component Render 1`] = `
Array [
  <form
    className="add-form"
    onSubmit={[Function]}
  >
    <input
      className="add-input"
      placeholder="please enter your habit"
      type="text"
    />
    <button
      className="add-button"
    >
      Add
    </button>
  </form>,
  <ul>
    <li
      className="habit"
    >
      <span
        className="habit-name"
      >
        studying
      </span>
      <span
        className="habit-count"
      >
        1
      </span>
      <button
        className="habit-button habit-increase"
        onClick={[Function]}
        title="increment"
      >
        <svg
          aria-hidden="true"
          className="svg-inline--fa fa-square-plus "
          data-icon="square-plus"
          data-prefix="far"
          focusable="false"
          role="img"
          style={Object {}}
          viewBox="0 0 448 512"
          xmlns="http://www.w3.org/2000/svg"
        >
          <path
            d="M200 344V280H136C122.7 280 112 269.3 112 256C112 242.7 122.7 232 136 232H200V168C200 154.7 210.7 144 224 144C237.3 144 248 154.7 248 168V232H312C325.3 232 336 242.7 336 256C336 269.3 325.3 280 312 280H248V344C248 357.3 237.3 368 224 368C210.7 368 200 357.3 200 344zM0 96C0 60.65 28.65 32 64 32H384C419.3 32 448 60.65 448 96V416C448 451.3 419.3 480 384 480H64C28.65 480 0 451.3 0 416V96zM48 96V416C48 424.8 55.16 432 64 432H384C392.8 432 400 424.8 400 416V96C400 87.16 392.8 80 384 80H64C55.16 80 48 87.16 48 96z"
            fill="currentColor"
            style={Object {}}
          />
        </svg>
      </button>
      <button
        className="habit-button habit-decrease"
        onClick={[Function]}
        title="decrement"
      >
        <svg
          aria-hidden="true"
          className="svg-inline--fa fa-square-minus "
          data-icon="square-minus"
          data-prefix="far"
          focusable="false"
          role="img"
          style={Object {}}
          viewBox="0 0 448 512"
          xmlns="http://www.w3.org/2000/svg"
        >
          <path
            d="M312 232C325.3 232 336 242.7 336 256C336 269.3 325.3 280 312 280H136C122.7 280 112 269.3 112 256C112 242.7 122.7 232 136 232H312zM0 96C0 60.65 28.65 32 64 32H384C419.3 32 448 60.65 448 96V416C448 451.3 419.3 480 384 480H64C28.65 480 0 451.3 0 416V96zM48 96V416C48 424.8 55.16 432 64 432H384C392.8 432 400 424.8 400 416V96C400 87.16 392.8 80 384 80H64C55.16 80 48 87.16 48 96z"
            fill="currentColor"
            style={Object {}}
          />
        </svg>
      </button>
      <button
        className="habit-button habit-delete"
        onClick={[Function]}
        title="delete"
      >
        <svg
          aria-hidden="true"
          className="svg-inline--fa fa-trash "
          data-icon="trash"
          data-prefix="fas"
          focusable="false"
          role="img"
          style={Object {}}
          viewBox="0 0 448 512"
          xmlns="http://www.w3.org/2000/svg"
        >
          <path
            d="M135.2 17.69C140.6 6.848 151.7 0 163.8 0H284.2C296.3 0 307.4 6.848 312.8 17.69L320 32H416C433.7 32 448 46.33 448 64C448 81.67 433.7 96 416 96H32C14.33 96 0 81.67 0 64C0 46.33 14.33 32 32 32H128L135.2 17.69zM394.8 466.1C393.2 492.3 372.3 512 346.9 512H101.1C75.75 512 54.77 492.3 53.19 466.1L31.1 128H416L394.8 466.1z"
            fill="currentColor"
            style={Object {}}
          />
        </svg>
      </button>
    </li>
    <li
      className="habit"
    >
      <span
        className="habit-name"
      >
        Eating
      </span>
      <span
        className="habit-count"
      >
        2
      </span>
      <button
        className="habit-button habit-increase"
        onClick={[Function]}
        title="increment"
      >
        <svg
          aria-hidden="true"
          className="svg-inline--fa fa-square-plus "
          data-icon="square-plus"
          data-prefix="far"
          focusable="false"
          role="img"
          style={Object {}}
          viewBox="0 0 448 512"
          xmlns="http://www.w3.org/2000/svg"
        >
          <path
            d="M200 344V280H136C122.7 280 112 269.3 112 256C112 242.7 122.7 232 136 232H200V168C200 154.7 210.7 144 224 144C237.3 144 248 154.7 248 168V232H312C325.3 232 336 242.7 336 256C336 269.3 325.3 280 312 280H248V344C248 357.3 237.3 368 224 368C210.7 368 200 357.3 200 344zM0 96C0 60.65 28.65 32 64 32H384C419.3 32 448 60.65 448 96V416C448 451.3 419.3 480 384 480H64C28.65 480 0 451.3 0 416V96zM48 96V416C48 424.8 55.16 432 64 432H384C392.8 432 400 424.8 400 416V96C400 87.16 392.8 80 384 80H64C55.16 80 48 87.16 48 96z"
            fill="currentColor"
            style={Object {}}
          />
        </svg>
      </button>
      <button
        className="habit-button habit-decrease"
        onClick={[Function]}
        title="decrement"
      >
        <svg
          aria-hidden="true"
          className="svg-inline--fa fa-square-minus "
          data-icon="square-minus"
          data-prefix="far"
          focusable="false"
          role="img"
          style={Object {}}
          viewBox="0 0 448 512"
          xmlns="http://www.w3.org/2000/svg"
        >
          <path
            d="M312 232C325.3 232 336 242.7 336 256C336 269.3 325.3 280 312 280H136C122.7 280 112 269.3 112 256C112 242.7 122.7 232 136 232H312zM0 96C0 60.65 28.65 32 64 32H384C419.3 32 448 60.65 448 96V416C448 451.3 419.3 480 384 480H64C28.65 480 0 451.3 0 416V96zM48 96V416C48 424.8 55.16 432 64 432H384C392.8 432 400 424.8 400 416V96C400 87.16 392.8 80 384 80H64C55.16 80 48 87.16 48 96z"
            fill="currentColor"
            style={Object {}}
          />
        </svg>
      </button>
      <button
        className="habit-button habit-delete"
        onClick={[Function]}
        title="delete"
      >
        <svg
          aria-hidden="true"
          className="svg-inline--fa fa-trash "
          data-icon="trash"
          data-prefix="fas"
          focusable="false"
          role="img"
          style={Object {}}
          viewBox="0 0 448 512"
          xmlns="http://www.w3.org/2000/svg"
        >
          <path
            d="M135.2 17.69C140.6 6.848 151.7 0 163.8 0H284.2C296.3 0 307.4 6.848 312.8 17.69L320 32H416C433.7 32 448 46.33 448 64C448 81.67 433.7 96 416 96H32C14.33 96 0 81.67 0 64C0 46.33 14.33 32 32 32H128L135.2 17.69zM394.8 466.1C393.2 492.3 372.3 512 346.9 512H101.1C75.75 512 54.77 492.3 53.19 466.1L31.1 128H416L394.8 466.1z"
            fill="currentColor"
            style={Object {}}
          />
        </svg>
      </button>
    </li>
  </ul>,
  <button
    className="habit-reset"
    onClick={[MockFunction]}
  >
    ResetAll
  </button>,
]
`;
